Optional: testing
No additional args
Verbose status is disabled
