No additional args
Required is: testing
Verbose status is disabled
