Additional args:
  - '1'
Verbose status is disabled
