Additional args:
  - '1'
  - '2'
Verbose status is disabled
