Additional args:
  - '1'
  - '2'
  - '3'
Verbose status is disabled
