Optional: enabled
No additional args
Verbose status is disabled
